0. Docker 설치하기 
1) docker 파일 다운로드
$ curl -fsSL https://get.docker.com -o get-docker.sh

2) Docker Engine 패키지 설치 
$ sudo sh get-docker.sh 

3) Docker start 
$ sudo service docker start 

4) docker 그룹에 sudo 추가
$ sudo usermod -a -G docker ubuntu

1. Docker 생성하기 
$ docker run -it --name <example> [이미지 id:태그]

2. Docker 실행하기 
$ docker start [컨테이너 ID] 

3. Docker Container 진입하기
$ docker exec -it [컨테이너 ID] /bin/bash

3.Docker Container 삭제하기 
$ docker rm [컨테이너 id]  (실행 중인 컨테이너 → docker rm -f [컨테이너 id]

4. Docker Img 삭제하기 
$ docker rmi [이미지 id]  (물려있는 컨테이너가 있을 경우 → docker rm -f [이미지 id])

5. Docker Container 저장
$ docker commit [컨테이너 이름] [저장할 이미지명]:[태그 이름]

6. Docker Container 및 Docker Img 조회
$ docker ps (-a / -al)
$ docker image ls

7. 현재 작업중인 컨테이너 파일로 저장 
현재 작업중인 컨테이너 파일로 저장 

8. Docker Hub 사용하기 (Docker Img 업로드 및 다운로드)
1) Docker Hub에 업로드 할 이미지 태그 
$ docker tag local-image:tagname new-repo:tagname

2) Docker Hub에 이미지 업로드 
$ docker push new-repo:tagname

9. Multi-GPU 환경에서 GPU 지정하여 Docker 진입하기 
1) gpu 하나 사용하여 진입 
$ docker run -it --rm --gpus '"device=1"' --memory='30g' --memory-swap='60g' --name [도커이름] --ipc=host -v /home/mabrain_0x/[사용디렉토리]:[도커에서 사용할 디렉토리] [사용img이름:태그] /bin/bash

ex) docker run -it --name C3D_cori --ipc=host -v /

2) 여러 gpu 사용하여 진입
$ docker run -it --rm --gpus '"device=1,2,3"' --memory='30g' --memory-swap='60g' --name [도커이름] --ipc=host -v /home/mabrain_0x/[사용디렉토리]:[도커에서 사용할 디렉토리] [사용img이름:태그] /bin/bash

10. docker 내에서 apt-get 수행 시 'unable to locate package error'가 발생하는 경우
$ apt-get update 

수행 후 다시 apt-get 명령어를 통해 package 설치 


